[backblue.gif]
[fade.gif]
[index.html]
[metafang.com/index.html]
[metafang.com/password.html]
[cdn.shopify.com/s/files/1/0624/6606/4601/files/mlogo_b750e1ed-da95-41bb-acb3-1568a44e974a_32x321a6f.png]
[cdn.shopify.com/s/files/1/0624/6606/4601/files/mlogo_b750e1ed-da95-41bb-acb3-1568a44e974a1a6f.png]
[cdn.shopify.com/shopifycloud/storefront-recaptcha-v3/v0.6/index.js]
[cdn.shopify.com/shopifycloud/shopify/assets/storefront/load_feature-ab38017af3cf759db0af0bbd1e75229f6a189f5bf1f2db42169630998b969021.js]
[cdn.shopify.com/s/files/1/0624/6606/4601/t/1/assets/section-passwordb748.css]
[cdn.shopify.com/s/files/1/0624/6606/4601/t/1/assets/base38ca.css]
[cdn.shopify.com/s/files/1/0624/6606/4601/t/1/assets/component-list-socialb97f.css]
[cdn.shopify.com/s/files/1/0624/6606/4601/t/1/assets/global8ddc.js]
[cdn.shopify.com/s/files/1/0624/6606/4601/t/1/assets/details-modale859.js]
[cdn.shopify.com/s/files/1/0624/6606/4601/t/1/assets/password-modalf967.js]
[cdn.shopify.com/s/trekkie.storefront.0f2fb07176533a135679c686c8126e41b2a6af16.min.js]
[cdn.shopify.com/shopifycloud/shopify/assets/shop_events_listener-65cd0ba3fcd81a1df33f2510ec5bcf8c0e0958653b50e3965ec972dd638ee13f.js]
[cdn.shopify.com/shopifycloud/boomerang/shopify-boomerang-1.0.0.min.js]
[cdn.shopify.com/s/files/1/0624/6606/4601/files/mlogo_b750e1ed-da95-41bb-acb3-1568a44e974a_500x5001a6f.png]
[cdn.shopify.com/s/files/1/0624/6606/4601/t/1/assets/section-image-banner8439.css]
[cdn.shopify.com/s/files/1/0624/6606/4601/t/1/assets/component-newsletterc14b.css]
[cdn.shopify.com/s/files/1/0624/6606/4601/t/1/assets/newsletter-section68f6.css]
[cdn.shopify.com/s/files/1/0624/6606/4601/t/1/assets/section-email-signup-bannerec03.css]
[cdn.shopify.com/s/files/1/0624/6606/4601/t/1/assets/component-rte0938.css]
[metafang.com/password.html]
[cdn.shopify.com/s/files/1/0624/6606/4601/t/1/assets/section-passwordb748.css]
[cdn.shopify.com/s/files/1/0624/6606/4601/t/1/assets/base38ca.css]
[cdn.shopify.com/s/files/1/0624/6606/4601/t/1/assets/component-list-socialb97f.css]
[cdn.shopify.com/s/files/1/0624/6606/4601/t/1/assets/section-image-banner8439.css]
[cdn.shopify.com/s/files/1/0624/6606/4601/t/1/assets/component-newsletterc14b.css]
[cdn.shopify.com/s/files/1/0624/6606/4601/t/1/assets/newsletter-section68f6.css]
[cdn.shopify.com/s/files/1/0624/6606/4601/t/1/assets/section-email-signup-bannerec03.css]
[cdn.shopify.com/s/files/1/0624/6606/4601/t/1/assets/component-rte0938.css]
